
> northstar-web@0.1.0 test:e2e
> playwright test

[WebServer] WARN OpenNext is not fully compatible with Windows.
[WebServer] WARN For optimal performance, it is recommended to use Windows Subsystem for Linux (WSL).
[WebServer] WARN While OpenNext may function on Windows, it could encounter unpredictable failures during runtime.

Running 42 tests using 1 worker

  ok  1 [desktop] › tests\browser\site.spec.ts:28:1 › keyboard-only search and compare preserve leading-zero ZIP areas (4.2s)
  ok  2 [desktop] › tests\browser\site.spec.ts:66:1 › missing geography and invalid compare recover without fabricated data (3.4s)
  ok  3 [desktop] › tests\browser\site.spec.ts:112:1 › small-screen and tablet dark layouts keep long content and controls usable (8.9s)
  ok  4 [desktop] › tests\browser\site.spec.ts:152:1 › search distinguishes missing population from zero (3.3s)
  ok  5 [desktop] › tests\browser\site.spec.ts:158:1 › OKELOM identity and saved legacy theme survive navigation and reload (1.5s)
  ok  6 [desktop] › tests\browser\site.spec.ts:186:1 › large related-geography lists can reach their second page (1.4s)
  ok  7 [desktop] › tests\browser\site.spec.ts:207:1 › malformed compare input is not silently converted to a different ZIP (726ms)
  ok  8 [desktop] › tests\browser\site.spec.ts:218:1 › home search, leading-zero ZIP, detail and compare work (3.4s)
  ok  9 [desktop] › tests\browser\site.spec.ts:239:3 › page and accessibility: / (1.7s)
  ok 10 [desktop] › tests\browser\site.spec.ts:239:3 › page and accessibility: /search?q=Austin+TX (1.6s)
  ok 11 [desktop] › tests\browser\site.spec.ts:239:3 › page and accessibility: /zip/10001 (2.5s)
  ok 12 [desktop] › tests\browser\site.spec.ts:239:3 › page and accessibility: /state/ca (2.2s)
  ok 13 [desktop] › tests\browser\site.spec.ts:239:3 › page and accessibility: /city/tx/austin-city (2.2s)
  ok 14 [desktop] › tests\browser\site.spec.ts:239:3 › page and accessibility: /county/ny/new-york-county (2.2s)
  ok 15 [desktop] › tests\browser\site.spec.ts:239:3 › page and accessibility: /compare?left=10001&right=90210 (1.7s)
  ok 16 [desktop] › tests\browser\site.spec.ts:239:3 › page and accessibility: /methodology (1.4s)
  ok 17 [desktop] › tests\browser\site.spec.ts:239:3 › page and accessibility: /data-sources (1.2s)
  ok 18 [desktop] › tests\browser\site.spec.ts:239:3 › page and accessibility: /about (1.0s)
  ok 19 [desktop] › tests\browser\site.spec.ts:299:1 › representative navigation and linked destinations have no browser or asset errors (18.8s)
  ok 20 [desktop] › tests\browser\site.spec.ts:364:1 › locator zoom, keyboard-accessible tables and dark detail page (3.6s)
  ok 21 [desktop] › tests\browser\site.spec.ts:398:1 › empty results, 404, themes and preview indexing (4.6s)
  ok 22 [mobile] › tests\browser\site.spec.ts:28:1 › keyboard-only search and compare preserve leading-zero ZIP areas (4.0s)
  ok 23 [mobile] › tests\browser\site.spec.ts:66:1 › missing geography and invalid compare recover without fabricated data (3.3s)
  ok 24 [mobile] › tests\browser\site.spec.ts:112:1 › small-screen and tablet dark layouts keep long content and controls usable (9.6s)
  ok 25 [mobile] › tests\browser\site.spec.ts:152:1 › search distinguishes missing population from zero (1.4s)
  ok 26 [mobile] › tests\browser\site.spec.ts:158:1 › OKELOM identity and saved legacy theme survive navigation and reload (1.8s)
  ok 27 [mobile] › tests\browser\site.spec.ts:186:1 › large related-geography lists can reach their second page (2.4s)
  ok 28 [mobile] › tests\browser\site.spec.ts:207:1 › malformed compare input is not silently converted to a different ZIP (1.2s)
  ok 29 [mobile] › tests\browser\site.spec.ts:218:1 › home search, leading-zero ZIP, detail and compare work (4.5s)
  ok 30 [mobile] › tests\browser\site.spec.ts:239:3 › page and accessibility: / (3.1s)
  ok 31 [mobile] › tests\browser\site.spec.ts:239:3 › page and accessibility: /search?q=Austin+TX (2.2s)
  ok 32 [mobile] › tests\browser\site.spec.ts:239:3 › page and accessibility: /zip/10001 (3.4s)
  ok 33 [mobile] › tests\browser\site.spec.ts:239:3 › page and accessibility: /state/ca (2.3s)
  ok 34 [mobile] › tests\browser\site.spec.ts:239:3 › page and accessibility: /city/tx/austin-city (1.8s)
  ok 35 [mobile] › tests\browser\site.spec.ts:239:3 › page and accessibility: /county/ny/new-york-county (1.6s)
  ok 36 [mobile] › tests\browser\site.spec.ts:239:3 › page and accessibility: /compare?left=10001&right=90210 (1.7s)
  ok 37 [mobile] › tests\browser\site.spec.ts:239:3 › page and accessibility: /methodology (1.1s)
  ok 38 [mobile] › tests\browser\site.spec.ts:239:3 › page and accessibility: /data-sources (1.2s)
  ok 39 [mobile] › tests\browser\site.spec.ts:239:3 › page and accessibility: /about (1.1s)
  ok 40 [mobile] › tests\browser\site.spec.ts:299:1 › representative navigation and linked destinations have no browser or asset errors (12.7s)
  ok 41 [mobile] › tests\browser\site.spec.ts:364:1 › locator zoom, keyboard-accessible tables and dark detail page (2.7s)
  ok 42 [mobile] › tests\browser\site.spec.ts:398:1 › empty results, 404, themes and preview indexing (2.2s)

  42 passed (2.5m)
